// Jest Snapshot v1, https://goo.gl/fbAQLP

exports[`ItemList component matches the snapshot 1`] = `
<div>
  <div
    className="MuiContainer-root MuiContainer-maxWidthXl"
  >
    <div
      className="MuiPaper-root MuiPaper-elevation1 makeStyles-paper-4 MuiPaper-rounded"
    >
      <div
        className="MuiGrid-root MuiGrid-container"
      >
        <div
          className="MuiGrid-root makeStyles-gridControlPanel-7 MuiGrid-item MuiGrid-grid-xs-6 MuiGrid-grid-sm-9"
        >
          <div
            className="MuiBox-root MuiBox-root-155"
          >
            <span>
              Artworks
            </span>
             (
            2
            )
          </div>
        </div>
        <div
          className="MuiGrid-root makeStyles-gridControlPanel-7 MuiGrid-item MuiGrid-grid-xs-6 MuiGrid-grid-sm-2"
        >
          <div
            className="MuiBox-root MuiBox-root-156"
          >
            <div
              className="MuiFormControl-root MuiTextField-root makeStyles-option-16 MuiFormControl-marginDense"
            >
              <div
                className="MuiInputBase-root MuiOutlinedInput-root MuiInputBase-formControl MuiInputBase-marginDense MuiOutlinedInput-marginDense"
                onClick={[Function]}
              >
                <select
                  aria-invalid={false}
                  className="MuiSelect-root MuiSelect-select MuiInputBase-input MuiOutlinedInput-input MuiInputBase-inputSelect MuiOutlinedInput-inputSelect MuiInputBase-inputMarginDense MuiOutlinedInput-inputMarginDense MuiSelect-outlined"
                  disabled={false}
                  multiple={false}
                  onBlur={[Function]}
                  onChange={[Function]}
                  onFocus={[Function]}
                  required={false}
                >
                  <option
                    value=""
                  >
                    All Categories
                  </option>
                  <option
                    value={1}
                  >
                    vermeer
                  </option>
                  <option
                    value={2}
                  >
                    merter
                  </option>
                </select>
                <svg
                  aria-hidden="true"
                  className="MuiSvgIcon-root MuiSelect-icon"
                  focusable="false"
                  role="presentation"
                  viewBox="0 0 24 24"
                >
                  <path
                    d="M7 10l5 5 5-5z"
                  />
                </svg>
                <fieldset
                  aria-hidden={true}
                  className="PrivateNotchedOutline-root-211 MuiOutlinedInput-notchedOutline"
                  style={
                    Object {
                      "paddingLeft": 8,
                    }
                  }
                >
                  <legend
                    className="PrivateNotchedOutline-legend-212"
                    style={
                      Object {
                        "width": 0.01,
                      }
                    }
                  >
                    <span
                      dangerouslySetInnerHTML={
                        Object {
                          "__html": "&#8203;",
                        }
                      }
                    />
                  </legend>
                </fieldset>
              </div>
            </div>
          </div>
        </div>
        <div
          className="MuiGrid-root makeStyles-gridControlPanel-7 MuiGrid-item MuiGrid-grid-xs-12 MuiGrid-grid-sm-1"
        >
          <div
            className="MuiBox-root MuiBox-root-213"
          >
            <button
              className="MuiButtonBase-root MuiButton-root MuiButton-contained MuiButton-containedSecondary MuiButton-sizeSmall MuiButton-fullWidth"
              disabled={false}
              onBlur={[Function]}
              onClick={[Function]}
              onDragLeave={[Function]}
              onFocus={[Function]}
              onKeyDown={[Function]}
              onKeyUp={[Function]}
              onMouseDown={[Function]}
              onMouseLeave={[Function]}
              onMouseUp={[Function]}
              onTouchEnd={[Function]}
              onTouchMove={[Function]}
              onTouchStart={[Function]}
              tabIndex={0}
              type="button"
            >
              <span
                className="MuiButton-label"
              >
                <span>
                  Create
                </span>
              </span>
            </button>
          </div>
        </div>
      </div>
    </div>
    <div
      className="MuiGrid-root MuiGrid-container"
    >
      <div
        className="MuiGrid-root MuiGrid-item MuiGrid-grid-xs-12 MuiGrid-grid-sm-4 MuiGrid-grid-lg-3"
      >
        <div
          className="MuiPaper-root MuiPaper-elevation1 MuiCard-root makeStyles-card-1 MuiPaper-rounded"
        >
          <div
            className="MuiCardMedia-root makeStyles-media-2"
            style={
              Object {
                "backgroundImage": "url(\\"https://mb-r2019-admin-front34325ab8ffff499c944a116261594e7c-dev.s3-ap-northeast-1.amazonaws.com/public/pic1\\")",
              }
            }
            title="ver"
          />
          <div
            className="MuiCardContent-root"
          >
            <div
              className="MuiBox-root MuiBox-root-238"
            >
              ver
            </div>
            <div
              className="MuiBox-root MuiBox-root-239"
            >
              <span>
                Price
              </span>
              : 
              4000
               Ks
            </div>
          </div>
          <div
            className="MuiCardActions-root makeStyles-cardAction-3 MuiCardActions-spacing"
          >
            <div
              className="MuiBox-root MuiBox-root-242"
            >
              <button
                className="MuiButtonBase-root MuiButton-root MuiButton-text MuiButton-textPrimary"
                disabled={false}
                onBlur={[Function]}
                onClick={[Function]}
                onDragLeave={[Function]}
                onFocus={[Function]}
                onKeyDown={[Function]}
                onKeyUp={[Function]}
                onMouseDown={[Function]}
                onMouseLeave={[Function]}
                onMouseUp={[Function]}
                onTouchEnd={[Function]}
                onTouchMove={[Function]}
                onTouchStart={[Function]}
                tabIndex={0}
                type="button"
              >
                <span
                  className="MuiButton-label"
                >
                  <span>
                    Edit
                  </span>
                </span>
              </button>
            </div>
            <div
              className="MuiBox-root MuiBox-root-243"
            >
              <button
                className="MuiButtonBase-root MuiButton-root MuiButton-text MuiButton-textPrimary"
                disabled={false}
                onBlur={[Function]}
                onClick={[Function]}
                onDragLeave={[Function]}
                onFocus={[Function]}
                onKeyDown={[Function]}
                onKeyUp={[Function]}
                onMouseDown={[Function]}
                onMouseLeave={[Function]}
                onMouseUp={[Function]}
                onTouchEnd={[Function]}
                onTouchMove={[Function]}
                onTouchStart={[Function]}
                tabIndex={0}
                type="button"
              >
                <span
                  className="MuiButton-label"
                >
                  <span>
                    Delete
                  </span>
                </span>
              </button>
            </div>
          </div>
        </div>
      </div>
      <div
        className="MuiGrid-root MuiGrid-item MuiGrid-grid-xs-12 MuiGrid-grid-sm-4 MuiGrid-grid-lg-3"
      >
        <div
          className="MuiPaper-root MuiPaper-elevation1 MuiCard-root makeStyles-card-1 MuiPaper-rounded"
        >
          <div
            className="MuiCardMedia-root makeStyles-media-2"
            style={
              Object {
                "backgroundImage": "url(\\"https://mb-r2019-admin-front34325ab8ffff499c944a116261594e7c-dev.s3-ap-northeast-1.amazonaws.com/public/pic2\\")",
              }
            }
            title="mer"
          />
          <div
            className="MuiCardContent-root"
          >
            <div
              className="MuiBox-root MuiBox-root-244"
            >
              mer
            </div>
            <div
              className="MuiBox-root MuiBox-root-245"
            >
              <span>
                Price
              </span>
              : 
              3000
               Ks
            </div>
          </div>
          <div
            className="MuiCardActions-root makeStyles-cardAction-3 MuiCardActions-spacing"
          >
            <div
              className="MuiBox-root MuiBox-root-246"
            >
              <button
                className="MuiButtonBase-root MuiButton-root MuiButton-text MuiButton-textPrimary"
                disabled={false}
                onBlur={[Function]}
                onClick={[Function]}
                onDragLeave={[Function]}
                onFocus={[Function]}
                onKeyDown={[Function]}
                onKeyUp={[Function]}
                onMouseDown={[Function]}
                onMouseLeave={[Function]}
                onMouseUp={[Function]}
                onTouchEnd={[Function]}
                onTouchMove={[Function]}
                onTouchStart={[Function]}
                tabIndex={0}
                type="button"
              >
                <span
                  className="MuiButton-label"
                >
                  <span>
                    Edit
                  </span>
                </span>
              </button>
            </div>
            <div
              className="MuiBox-root MuiBox-root-247"
            >
              <button
                className="MuiButtonBase-root MuiButton-root MuiButton-text MuiButton-textPrimary"
                disabled={false}
                onBlur={[Function]}
                onClick={[Function]}
                onDragLeave={[Function]}
                onFocus={[Function]}
                onKeyDown={[Function]}
                onKeyUp={[Function]}
                onMouseDown={[Function]}
                onMouseLeave={[Function]}
                onMouseUp={[Function]}
                onTouchEnd={[Function]}
                onTouchMove={[Function]}
                onTouchStart={[Function]}
                tabIndex={0}
                type="button"
              >
                <span
                  className="MuiButton-label"
                >
                  <span>
                    Delete
                  </span>
                </span>
              </button>
            </div>
          </div>
        </div>
      </div>
    </div>
  </div>
  <div
    className="loader"
  />
</div>
`;
